
> backpack-map-demo@0.0.0 build
> tsc -p tsconfig.server.json && vite build

server/lib/planValidator.ts(408,137): error TS1002: Unterminated string literal.
server/lib/prompts.ts(17,80): error TS1109: Expression expected.
server/lib/prompts.ts(17,114): error TS1109: Expression expected.
